(purchase, 1)
(yyhtqlbovrkgocoqzs, 10)
(migration, 0)
(purchase, 1)
(yyhtqlbovrkgocoqzs, 11)
(migration, 0)
(purchase, 1)
(yyhtqlbovrkgocoqzs, 12)
(migration, 0)
(purchase, 1)
(yyhtqlbovrkgocoqzs, 13)
(migration, 0)
(purchase, 1)
(yyhtqlbovrkgocoqzs, 15)
(migration, 0)
(purchase, 1)
(yyhtqlbovrkgocoqzs, 20)
(migration, 0)
(purchase, 1)
(yyhtqlbovrkgocoqzs, 21)
(migration, 0)
(purchase, 0)
(migration, 0)
(purchase, 1)
(yyhtqlbovrkgocoqzs, 28)
(migration, 0)
(purchase, 0)
(migration, 0)
(1)
